// Jest Snapshot v1, https://goo.gl/fbAQLP

exports[`The reducer returns the initial state 1`] = `
Object {
  "currentInput": Array [],
  "suggestions": Array [],
}
`;
